  [chromium] C:\Users\nextobe_lyk\AppData\Local\ms-playwright\chromium-1223\chrome-win64\chrome.exe
  [setup] {"pair": "Oracle_asis → Oracle_tobe", "connected": true}
  [1단계:1_analyze] {"blocked": false, "from_table": "MV_COMBO_SRC", "error": ""}
  [2단계:2_count] {"status": "COUNT_MATCHED", "src": 1200, "tgt": 1200}
  [3단계 선택:sel1] {"gb": [], "sum": []}
  [실행:run1] clicked=True 2.04s completed=1
초기 = {"STATUS_CD": true, "DEPT_CD": true, "ID": false}
DEPT_CD count = 1
Traceback (most recent call last):
  File "X:\Projects\Migration_Validator\scripts\dev_e2e\_diag_case_b2.py", line 45, in <module>
    cb.first.uncheck(force=True)
    ~~~~~~~~~~~~~~~~^^^^^^^^^^^^
  File "C:\Users\nextobe_lyk\AppData\Roaming\Python\Python314\site-packages\playwright\sync_api\_generated.py", line 19957, in uncheck
    self._sync(
    ~~~~~~~~~~^
        self._impl_obj.uncheck(
        ^^^^^^^^^^^^^^^^^^^^^^^
    ...<5 lines>...
        )
        ^
    )
    ^
  File "C:\Users\nextobe_lyk\AppData\Roaming\Python\Python314\site-packages\playwright\_impl\_sync_base.py", line 115, in _sync
    return task.result()
           ~~~~~~~~~~~^^
  File "C:\Users\nextobe_lyk\AppData\Roaming\Python\Python314\site-packages\playwright\_impl\_locator.py", line 716, in uncheck
    return await self._frame.uncheck(
           ^^^^^^^^^^^^^^^^^^^^^^^^^^
    ...<3 lines>...
    )
    ^
  File "C:\Users\nextobe_lyk\AppData\Roaming\Python\Python314\site-packages\playwright\_impl\_frame.py", line 891, in uncheck
    await self._channel.send("uncheck", self._timeout, locals_to_params(locals()))
  File "C:\Users\nextobe_lyk\AppData\Roaming\Python\Python314\site-packages\playwright\_impl\_connection.py", line 69, in send
    return await self._connection.wrap_api_call(
           ^^^^^^^^^^^^^^^^^^^^^^^^^^^^^^^^^^^^^
    ...<3 lines>...
    )
    ^
  File "C:\Users\nextobe_lyk\AppData\Roaming\Python\Python314\site-packages\playwright\_impl\_connection.py", line 559, in wrap_api_call
    raise rewrite_error(error, f"{parsed_st['apiName']}: {error}") from None
playwright._impl._errors.Error: Locator.uncheck: Clicking the checkbox did not change its state
Call log:
  - waiting for locator("#colSelectOut input[name=\"gb\"][value=\"DEPT_CD\"]").first
    - locator resolved to <input checked name="gb" data-nullp="" data-role="gb" type="checkbox" value="DEPT_CD" data-default="1" data-cand-chk="1" data-distinct="4" autocomplete="off" data-distinct-est="" onchange="checkLimit(this.name,this)"/>
  - attempting click action
    - scrolling into view if needed
    - done scrolling
    - forcing action
    - performing click action
    - click action done
    - waiting for scheduled navigations to finish
    - navigations have finished

