DB: C:\projects\migration-validator\db\chunk_checkpoints.db
진단 helper: {'thread': 'MainThread', 'thread_conn_ids': [], 'current_conn_id': None, 'schema_ready_paths': 0, 'db_path': 'C:\\projects\\migration-validator\\db\\chunk_checkpoints.db'}

====================================================================================
M1. checkpoint() write 1회 단위비용 (n=300, 중앙값)
====================================================================================
  checkpoint() 1회(운영 경로 그대로)                           : 중앙    1.314 ms | 평균    1.368 ms | p95    1.496 ms
====================================================================================
M2. 이론 하한 — raw connection 재사용 UPDATE+commit (n=300)
====================================================================================
  raw connection 재사용(UPDATE+commit 만)                  : 중앙    1.335 ms | 평균    1.415 ms | p95    1.590 ms
====================================================================================
M3. 동시 write — 4 스레드 × 150회 (일괄검증 병행 job 재현)
====================================================================================
  총 write 600회 / wall 0.915 s / 예외 0건
  동시 write 1회(전 스레드 합산)                                : 중앙    5.712 ms | 평균    6.007 ms | p95    8.334 ms
    - T0 중앙 5.710 ms (n=150)
    - T1 중앙 5.704 ms (n=150)
    - T2 중앙 5.729 ms (n=150)
    - T3 중앙 5.707 ms (n=150)
  값 손상(교차 오염) 검사: 이상 없음
  스레드별 connection id: {3: [2577764055168], 1: [2577764054688], 2: [2577764054928], 0: [2577764051328]}
  → 스레드 간 connection 공유 없음: True
====================================================================================
M4. 정합성 — 값 왕복 / 신규 DB 경로 DDL / 재개 시드
====================================================================================
  값 왕복(start→checkpoint→get)          : OK
  재개 시드(resumable→seed)              : OK
  신규 DB 경로 DDL 자동생성              : OK
  _DB_PATH 원복 후 기존 DB 정상            : OK

====================================================================================
요약: M1 checkpoint write 중앙 1.314 ms | M2 하한 1.335 ms | M3 동시 중앙 5.712 ms(예외 0, 무손상 True) | M4 PASS
====================================================================================

[cleanup] BENCH_CR_* checkpoint 6행 삭제
