==============================================================================
[DIALECT-TIMEOUT-NOOP-FIX] MariaDB 실DB 타임아웃 발동 실측
  대상: 192.168.0.211:3309 / db=nxdnp / adapter=mariadb
  supports_statement_timeout() = True
==============================================================================

M0 환경
   VERSION()            = 11.1.3-MariaDB-1:11.1.3+maria~ubu2204
   max_statement_time   = 0.000000   (MariaDB 방식 · 초 단위)
   max_execution_time   = None   (MySQL 방식 · MariaDB 엔 부재)

M1 timeout 미지정(기준선)
   SQL      : SELECT SLEEP(8)
   결과     : 완주=True · 8.0s · -

M2 timeout 2000ms 적용 (adapter.apply_query_timeout)
   세션변수 : max_statement_time = 2.000000  (2.0 기대 — ms→초 변환)
   결과     : 완주=False · 2.0s · (1969, 'Query execution was interrupted (max_statement_time exceeded)')
   판별     : is_query_timeout_error(exc,'mariadb') = True

M3 세션 지속성 — SET 한 cursor 를 닫은 뒤 새 cursor
   결과     : 완주=False · 2.0s · (1969, 'Query execution was interrupted (max_statement_time 

M4 timeout 0 (무제한 명시 재설정 — 재사용 연결 잔류 방지)
   세션변수 : max_statement_time = 0.000000  (0 기대)
   결과     : 완주=True · 8.0s

M5 timeout None (미변경 계약)
   세션변수 : max_statement_time = 3.000000  (3.0 유지 기대)

M6 방언 분리 — MySQL 어댑터(max_execution_time)를 MariaDB 에 적용
   예외전파 : None  (None 기대 — 안전 폴백)
   세션변수 : max_statement_time = 3.000000  (3.0 유지 기대 — MySQL 변수는 부재라 미적용)

M7 실 사용자 테이블 대량 조인 (상한 2초) — 검증 SELECT 와 같은 형태
   SQL      : SELECT COUNT(*) FROM TMD_MAPPING_DEFINITION_MANAGER_HIST a JOIN TMD_MAPPIN
   결과     : 완주=False · 5.50s · 판별=True
   ⚠ 경고   : 중단까지 5.5s — 상한(2초)보다 늦다(중단 확인 지점 지연, M8 해석 참고)

M8 중단 시점 정밀도(참고·판정 제외) — information_schema 대량 조인, 상한 2초
   결과     : 완주=True · 11.9s · 판별=False
   해석     : MariaDB 의 중단은 kill flag 를 실행 중 확인하는 방식이라, 그 확인 지점이
              듬성한 실행 단계(information_schema 채우기 등)에서는 상한을 넘겨 끊기거나
              완주할 수 있다(실측 편차 있음). 적용 실패가 아니라 DB 사양이며,
              실제 검증 워크로드인 사용자 테이블 SELECT 는 M7 처럼 정시 중단된다.

==============================================================================
결과: PASS — MariaDB 타임아웃이 지정 시간(2초)에 실제 발동
      기준선 8.0s → timeout 적용 시 2.0s 에 중단
==============================================================================
